I'm sorry, but errors were detected in your script. Please correct the
errors listed below, and try again.


File "game/script.rpy", line 6: expected ':' not found.
    python
          ^

Ren'Py Version: Ren'Py 8.0.3.22083102
Sat Sep  3 09:34:15 2022
